

================================================================
== Vitis HLS Report for 'lcam_attention_gate_opt'
================================================================
* Date:           Sat Aug 29 23:43:08 2026

* Version:        2022.2 (Build 3670227 on Oct 13 2022)
* Project:        lcam_opt_prj
* Solution:       sol1 (Vivado IP Flow Target)
* Product family: zynquplus
* Target device:  xck26-sfvc784-2LV-c


================================================================
== Performance Estimates
================================================================
+ Timing: 
    * Summary: 
    +--------+----------+----------+------------+
    |  Clock |  Target  | Estimated| Uncertainty|
    +--------+----------+----------+------------+
    |ap_clk  |  10.00 ns|  7.300 ns|     2.70 ns|
    +--------+----------+----------+------------+

+ Latency: 
    * Summary: 
    +---------+---------+----------+----------+-----+-----+---------+
    |  Latency (cycles) |  Latency (absolute) |  Interval | Pipeline|
    |   min   |   max   |    min   |    max   | min | max |   Type  |
    +---------+---------+----------+----------+-----+-----+---------+
    |        ?|        ?|         ?|         ?|    ?|    ?|       no|
    +---------+---------+----------+----------+-----+-----+---------+

    + Detail: 
        * Instance: 
        +-------------------------------------------------------+--------------------------------------------+---------+---------+----------+----------+-----+-----+---------+
        |                                                       |                                            |  Latency (cycles) |  Latency (absolute) |  Interval | Pipeline|
        |                        Instance                       |                   Module                   |   min   |   max   |    min   |    max   | min | max |   Type  |
        +-------------------------------------------------------+--------------------------------------------+---------+---------+----------+----------+-----+-----+---------+
        |grp_lcam_attention_gate_opt_Pipeline_BEAT_LOOP_fu_204  |lcam_attention_gate_opt_Pipeline_BEAT_LOOP  |        ?|        ?|         ?|         ?|    ?|    ?|       no|
        +-------------------------------------------------------+--------------------------------------------+---------+---------+----------+----------+-----+-----+---------+

        * Loop: 
        +--------------+---------+---------+----------+-----------+-----------+------+----------+
        |              |  Latency (cycles) | Iteration|  Initiation Interval  | Trip |          |
        |   Loop Name  |   min   |   max   |  Latency |  achieved |   target  | Count| Pipelined|
        +--------------+---------+---------+----------+-----------+-----------+------+----------+
        |- PIXEL_LOOP  |        ?|        ?|         ?|          -|          -|     ?|        no|
        +--------------+---------+---------+----------+-----------+-----------+------+----------+



================================================================
== Utilization Estimates
================================================================
* Summary: 
+-----------------+---------+------+--------+--------+-----+
|       Name      | BRAM_18K|  DSP |   FF   |   LUT  | URAM|
+-----------------+---------+------+--------+--------+-----+
|DSP              |        -|     -|       -|       -|    -|
|Expression       |        -|     -|       0|     582|    -|
|FIFO             |        -|     -|       -|       -|    -|
|Instance         |        0|     5|    6704|   39447|    0|
|Memory           |        -|     -|       -|       -|    -|
|Multiplexer      |        -|     -|       -|     267|    -|
|Register         |        -|     -|     490|       -|    -|
+-----------------+---------+------+--------+--------+-----+
|Total            |        0|     5|    7194|   40296|    0|
+-----------------+---------+------+--------+--------+-----+
|Available        |      288|  1248|  234240|  117120|   64|
+-----------------+---------+------+--------+--------+-----+
|Utilization (%)  |        0|    ~0|       3|      34|    0|
+-----------------+---------+------+--------+--------+-----+

+ Detail: 
    * Instance: 
    +-------------------------------------------------------+--------------------------------------------+---------+----+------+-------+-----+
    |                        Instance                       |                   Module                   | BRAM_18K| DSP|  FF  |  LUT  | URAM|
    +-------------------------------------------------------+--------------------------------------------+---------+----+------+-------+-----+
    |control_r_s_axi_U                                      |control_r_s_axi                             |        0|   0|   240|    424|    0|
    |control_s_axi_U                                        |control_s_axi                               |        0|   0|   264|    424|    0|
    |gmem0_m_axi_U                                          |gmem0_m_axi                                 |        0|   0|  1613|   3116|    0|
    |gmem1_m_axi_U                                          |gmem1_m_axi                                 |        0|   0|   746|   2231|    0|
    |gmem2_m_axi_U                                          |gmem2_m_axi                                 |        0|   0|  1613|   3116|    0|
    |grp_lcam_attention_gate_opt_Pipeline_BEAT_LOOP_fu_204  |lcam_attention_gate_opt_Pipeline_BEAT_LOOP  |        0|   0|  2228|  30096|    0|
    |mul_27s_32s_32_1_1_U77                                 |mul_27s_32s_32_1_1                          |        0|   2|     0|     20|    0|
    |mul_32s_32s_32_1_1_U76                                 |mul_32s_32s_32_1_1                          |        0|   3|     0|     20|    0|
    +-------------------------------------------------------+--------------------------------------------+---------+----+------+-------+-----+
    |Total                                                  |                                            |        0|   5|  6704|  39447|    0|
    +-------------------------------------------------------+--------------------------------------------+---------+----+------+-------+-----+

    * DSP: 
    N/A

    * Memory: 
    N/A

    * FIFO: 
    N/A

    * Expression: 
    +---------------------------+----------+----+---+----+------------+------------+
    |       Variable Name       | Operation| DSP| FF| LUT| Bitwidth P0| Bitwidth P1|
    +---------------------------+----------+----+---+----+------------+------------+
    |add_ln75_fu_220_p2         |         +|   0|  0|  32|          32|          32|
    |add_ln76_fu_398_p2         |         +|   0|  0|  39|          32|           2|
    |add_ln82_fu_444_p2         |         +|   0|  0|  38|          31|           1|
    |shift_fu_226_p2            |         -|   0|  0|  32|          32|          32|
    |sub37_fu_417_p2            |         -|   0|  0|  39|           1|          32|
    |sub_ln78_1_fu_260_p2       |         -|   0|  0|  34|           1|          27|
    |sub_ln78_fu_240_p2         |         -|   0|  0|  39|           1|          32|
    |icmp_fu_314_p2             |      icmp|   0|  0|  17|          26|           1|
    |icmp_ln76_fu_393_p2        |      icmp|   0|  0|  20|          32|           1|
    |icmp_ln82_1_fu_439_p2      |      icmp|   0|  0|  20|          32|          32|
    |icmp_ln82_fu_298_p2        |      icmp|   0|  0|  20|          32|           1|
    |ap_block_state3_io         |        or|   0|  0|   2|           1|           1|
    |beats_per_pixel_fu_280_p3  |    select|   0|  0|  27|           1|          27|
    |bias_fu_409_p3             |    select|   0|  0|  32|           1|          32|
    |empty_30_fu_373_p3         |    select|   0|  0|  31|           1|          31|
    |empty_fu_366_p3            |    select|   0|  0|  32|           1|          32|
    |select_ln82_fu_359_p3      |    select|   0|  0|  32|           1|          32|
    |shl_ln76_fu_403_p2         |       shl|   0|  0|  96|           1|          32|
    +---------------------------+----------+----+---+----+------------+------------+
    |Total                      |          |   0|  0| 582|         259|         380|
    +---------------------------+----------+----+---+----+------------+------------+

    * Multiplexer: 
    +----------------+----+-----------+-----+-----------+
    |      Name      | LUT| Input Size| Bits| Total Bits|
    +----------------+----+-----------+-----+-----------+
    |ap_NS_fsm       |  97|         19|    1|         19|
    |gmem0_ARADDR    |  14|          3|   64|        192|
    |gmem0_ARLEN     |  14|          3|   32|         96|
    |gmem0_ARVALID   |  14|          3|    1|          3|
    |gmem0_RREADY    |   9|          2|    1|          2|
    |gmem0_blk_n_AR  |   9|          2|    1|          2|
    |gmem1_blk_n_AR  |   9|          2|    1|          2|
    |gmem1_blk_n_R   |   9|          2|    1|          2|
    |gmem2_AWADDR    |  14|          3|   64|        192|
    |gmem2_AWLEN     |  14|          3|   32|         96|
    |gmem2_AWVALID   |  14|          3|    1|          3|
    |gmem2_BREADY    |  14|          3|    1|          3|
    |gmem2_WVALID    |   9|          2|    1|          2|
    |gmem2_blk_n_AW  |   9|          2|    1|          2|
    |gmem2_blk_n_B   |   9|          2|    1|          2|
    |p_fu_122        |   9|          2|   31|         62|
    +----------------+----+-----------+-----+-----------+
    |Total           | 267|         56|  234|        680|
    +----------------+----+-----------+-----+-----------+

    * Register: 
    +--------------------------------------------------------------------+----+----+-----+-----------+
    |                                Name                                | FF | LUT| Bits| Const Bits|
    +--------------------------------------------------------------------+----+----+-----+-----------+
    |ap_CS_fsm                                                           |  18|   0|   18|          0|
    |beats_per_pixel_reg_470                                             |  27|   0|   27|          0|
    |bias_reg_542                                                        |  32|   0|   32|          0|
    |empty_30_reg_522                                                    |  31|   0|   31|          0|
    |empty_reg_516                                                       |  32|   0|   32|          0|
    |gmem1_addr_reg_510                                                  |  64|   0|   64|          0|
    |grp_lcam_attention_gate_opt_Pipeline_BEAT_LOOP_fu_204_ap_start_reg  |   1|   0|    1|          0|
    |icmp_ln76_reg_537                                                   |   1|   0|    1|          0|
    |icmp_ln82_reg_487                                                   |   1|   0|    1|          0|
    |icmp_reg_493                                                        |   1|   0|    1|          0|
    |n_pixels_reg_476                                                    |  32|   0|   32|          0|
    |p_fu_122                                                            |  31|   0|   31|          0|
    |shift_reg_462                                                       |  32|   0|   32|          0|
    |sub37_reg_547                                                       |  32|   0|   32|          0|
    |trunc_ln2_reg_498                                                   |  58|   0|   58|          0|
    |trunc_ln79_reg_482                                                  |  31|   0|   31|          0|
    |trunc_ln82_1_reg_504                                                |  58|   0|   58|          0|
    |w_q_reg_560                                                         |   8|   0|    8|          0|
    +--------------------------------------------------------------------+----+----+-----+-----------+
    |Total                                                               | 490|   0|  490|          0|
    +--------------------------------------------------------------------+----+----+-----+-----------+



================================================================
== Interface
================================================================
* Summary: 
+-------------------------+-----+-----+------------+-------------------------+--------------+
|        RTL Ports        | Dir | Bits|  Protocol  |      Source Object      |    C Type    |
+-------------------------+-----+-----+------------+-------------------------+--------------+
|s_axi_control_AWVALID    |   in|    1|       s_axi|                  control|        scalar|
|s_axi_control_AWREADY    |  out|    1|       s_axi|                  control|        scalar|
|s_axi_control_AWADDR     |   in|    6|       s_axi|                  control|        scalar|
|s_axi_control_WVALID     |   in|    1|       s_axi|                  control|        scalar|
|s_axi_control_WREADY     |  out|    1|       s_axi|                  control|        scalar|
|s_axi_control_WDATA      |   in|   32|       s_axi|                  control|        scalar|
|s_axi_control_WSTRB      |   in|    4|       s_axi|                  control|        scalar|
|s_axi_control_ARVALID    |   in|    1|       s_axi|                  control|        scalar|
|s_axi_control_ARREADY    |  out|    1|       s_axi|                  control|        scalar|
|s_axi_control_ARADDR     |   in|    6|       s_axi|                  control|        scalar|
|s_axi_control_RVALID     |  out|    1|       s_axi|                  control|        scalar|
|s_axi_control_RREADY     |   in|    1|       s_axi|                  control|        scalar|
|s_axi_control_RDATA      |  out|   32|       s_axi|                  control|        scalar|
|s_axi_control_RRESP      |  out|    2|       s_axi|                  control|        scalar|
|s_axi_control_BVALID     |  out|    1|       s_axi|                  control|        scalar|
|s_axi_control_BREADY     |   in|    1|       s_axi|                  control|        scalar|
|s_axi_control_BRESP      |  out|    2|       s_axi|                  control|        scalar|
|s_axi_control_r_AWVALID  |   in|    1|       s_axi|                control_r|        scalar|
|s_axi_control_r_AWREADY  |  out|    1|       s_axi|                control_r|        scalar|
|s_axi_control_r_AWADDR   |   in|    6|       s_axi|                control_r|        scalar|
|s_axi_control_r_WVALID   |   in|    1|       s_axi|                control_r|        scalar|
|s_axi_control_r_WREADY   |  out|    1|       s_axi|                control_r|        scalar|
|s_axi_control_r_WDATA    |   in|   32|       s_axi|                control_r|        scalar|
|s_axi_control_r_WSTRB    |   in|    4|       s_axi|                control_r|        scalar|
|s_axi_control_r_ARVALID  |   in|    1|       s_axi|                control_r|        scalar|
|s_axi_control_r_ARREADY  |  out|    1|       s_axi|                control_r|        scalar|
|s_axi_control_r_ARADDR   |   in|    6|       s_axi|                control_r|        scalar|
|s_axi_control_r_RVALID   |  out|    1|       s_axi|                control_r|        scalar|
|s_axi_control_r_RREADY   |   in|    1|       s_axi|                control_r|        scalar|
|s_axi_control_r_RDATA    |  out|   32|       s_axi|                control_r|        scalar|
|s_axi_control_r_RRESP    |  out|    2|       s_axi|                control_r|        scalar|
|s_axi_control_r_BVALID   |  out|    1|       s_axi|                control_r|        scalar|
|s_axi_control_r_BREADY   |   in|    1|       s_axi|                control_r|        scalar|
|s_axi_control_r_BRESP    |  out|    2|       s_axi|                control_r|        scalar|
|ap_clk                   |   in|    1|  ap_ctrl_hs|  lcam_attention_gate_opt|  return value|
|ap_rst_n                 |   in|    1|  ap_ctrl_hs|  lcam_attention_gate_opt|  return value|
|interrupt                |  out|    1|  ap_ctrl_hs|  lcam_attention_gate_opt|  return value|
|m_axi_gmem0_AWVALID      |  out|    1|       m_axi|                    gmem0|       pointer|
|m_axi_gmem0_AWREADY      |   in|    1|       m_axi|                    gmem0|       pointer|
|m_axi_gmem0_AWADDR       |  out|   64|       m_axi|                    gmem0|       pointer|
|m_axi_gmem0_AWID         |  out|    1|       m_axi|                    gmem0|       pointer|
|m_axi_gmem0_AWLEN        |  out|    8|       m_axi|                    gmem0|       pointer|
|m_axi_gmem0_AWSIZE       |  out|    3|       m_axi|                    gmem0|       pointer|
|m_axi_gmem0_AWBURST      |  out|    2|       m_axi|                    gmem0|       pointer|
|m_axi_gmem0_AWLOCK       |  out|    2|       m_axi|                    gmem0|       pointer|
|m_axi_gmem0_AWCACHE      |  out|    4|       m_axi|                    gmem0|       pointer|
|m_axi_gmem0_AWPROT       |  out|    3|       m_axi|                    gmem0|       pointer|
|m_axi_gmem0_AWQOS        |  out|    4|       m_axi|                    gmem0|       pointer|
|m_axi_gmem0_AWREGION     |  out|    4|       m_axi|                    gmem0|       pointer|
|m_axi_gmem0_AWUSER       |  out|    1|       m_axi|                    gmem0|       pointer|
|m_axi_gmem0_WVALID       |  out|    1|       m_axi|                    gmem0|       pointer|
|m_axi_gmem0_WREADY       |   in|    1|       m_axi|                    gmem0|       pointer|
|m_axi_gmem0_WDATA        |  out|  512|       m_axi|                    gmem0|       pointer|
|m_axi_gmem0_WSTRB        |  out|   64|       m_axi|                    gmem0|       pointer|
|m_axi_gmem0_WLAST        |  out|    1|       m_axi|                    gmem0|       pointer|
|m_axi_gmem0_WID          |  out|    1|       m_axi|                    gmem0|       pointer|
|m_axi_gmem0_WUSER        |  out|    1|       m_axi|                    gmem0|       pointer|
|m_axi_gmem0_ARVALID      |  out|    1|       m_axi|                    gmem0|       pointer|
|m_axi_gmem0_ARREADY      |   in|    1|       m_axi|                    gmem0|       pointer|
|m_axi_gmem0_ARADDR       |  out|   64|       m_axi|                    gmem0|       pointer|
|m_axi_gmem0_ARID         |  out|    1|       m_axi|                    gmem0|       pointer|
|m_axi_gmem0_ARLEN        |  out|    8|       m_axi|                    gmem0|       pointer|
|m_axi_gmem0_ARSIZE       |  out|    3|       m_axi|                    gmem0|       pointer|
|m_axi_gmem0_ARBURST      |  out|    2|       m_axi|                    gmem0|       pointer|
|m_axi_gmem0_ARLOCK       |  out|    2|       m_axi|                    gmem0|       pointer|
|m_axi_gmem0_ARCACHE      |  out|    4|       m_axi|                    gmem0|       pointer|
|m_axi_gmem0_ARPROT       |  out|    3|       m_axi|                    gmem0|       pointer|
|m_axi_gmem0_ARQOS        |  out|    4|       m_axi|                    gmem0|       pointer|
|m_axi_gmem0_ARREGION     |  out|    4|       m_axi|                    gmem0|       pointer|
|m_axi_gmem0_ARUSER       |  out|    1|       m_axi|                    gmem0|       pointer|
|m_axi_gmem0_RVALID       |   in|    1|       m_axi|                    gmem0|       pointer|
|m_axi_gmem0_RREADY       |  out|    1|       m_axi|                    gmem0|       pointer|
|m_axi_gmem0_RDATA        |   in|  512|       m_axi|                    gmem0|       pointer|
|m_axi_gmem0_RLAST        |   in|    1|       m_axi|                    gmem0|       pointer|
|m_axi_gmem0_RID          |   in|    1|       m_axi|                    gmem0|       pointer|
|m_axi_gmem0_RUSER        |   in|    1|       m_axi|                    gmem0|       pointer|
|m_axi_gmem0_RRESP        |   in|    2|       m_axi|                    gmem0|       pointer|
|m_axi_gmem0_BVALID       |   in|    1|       m_axi|                    gmem0|       pointer|
|m_axi_gmem0_BREADY       |  out|    1|       m_axi|                    gmem0|       pointer|
|m_axi_gmem0_BRESP        |   in|    2|       m_axi|                    gmem0|       pointer|
|m_axi_gmem0_BID          |   in|    1|       m_axi|                    gmem0|       pointer|
|m_axi_gmem0_BUSER        |   in|    1|       m_axi|                    gmem0|       pointer|
|m_axi_gmem1_AWVALID      |  out|    1|       m_axi|                    gmem1|       pointer|
|m_axi_gmem1_AWREADY      |   in|    1|       m_axi|                    gmem1|       pointer|
|m_axi_gmem1_AWADDR       |  out|   64|       m_axi|                    gmem1|       pointer|
|m_axi_gmem1_AWID         |  out|    1|       m_axi|                    gmem1|       pointer|
|m_axi_gmem1_AWLEN        |  out|    8|       m_axi|                    gmem1|       pointer|
|m_axi_gmem1_AWSIZE       |  out|    3|       m_axi|                    gmem1|       pointer|
|m_axi_gmem1_AWBURST      |  out|    2|       m_axi|                    gmem1|       pointer|
|m_axi_gmem1_AWLOCK       |  out|    2|       m_axi|                    gmem1|       pointer|
|m_axi_gmem1_AWCACHE      |  out|    4|       m_axi|                    gmem1|       pointer|
|m_axi_gmem1_AWPROT       |  out|    3|       m_axi|                    gmem1|       pointer|
|m_axi_gmem1_AWQOS        |  out|    4|       m_axi|                    gmem1|       pointer|
|m_axi_gmem1_AWREGION     |  out|    4|       m_axi|                    gmem1|       pointer|
|m_axi_gmem1_AWUSER       |  out|    1|       m_axi|                    gmem1|       pointer|
|m_axi_gmem1_WVALID       |  out|    1|       m_axi|                    gmem1|       pointer|
|m_axi_gmem1_WREADY       |   in|    1|       m_axi|                    gmem1|       pointer|
|m_axi_gmem1_WDATA        |  out|   32|       m_axi|                    gmem1|       pointer|
|m_axi_gmem1_WSTRB        |  out|    4|       m_axi|                    gmem1|       pointer|
|m_axi_gmem1_WLAST        |  out|    1|       m_axi|                    gmem1|       pointer|
|m_axi_gmem1_WID          |  out|    1|       m_axi|                    gmem1|       pointer|
|m_axi_gmem1_WUSER        |  out|    1|       m_axi|                    gmem1|       pointer|
|m_axi_gmem1_ARVALID      |  out|    1|       m_axi|                    gmem1|       pointer|
|m_axi_gmem1_ARREADY      |   in|    1|       m_axi|                    gmem1|       pointer|
|m_axi_gmem1_ARADDR       |  out|   64|       m_axi|                    gmem1|       pointer|
|m_axi_gmem1_ARID         |  out|    1|       m_axi|                    gmem1|       pointer|
|m_axi_gmem1_ARLEN        |  out|    8|       m_axi|                    gmem1|       pointer|
|m_axi_gmem1_ARSIZE       |  out|    3|       m_axi|                    gmem1|       pointer|
|m_axi_gmem1_ARBURST      |  out|    2|       m_axi|                    gmem1|       pointer|
|m_axi_gmem1_ARLOCK       |  out|    2|       m_axi|                    gmem1|       pointer|
|m_axi_gmem1_ARCACHE      |  out|    4|       m_axi|                    gmem1|       pointer|
|m_axi_gmem1_ARPROT       |  out|    3|       m_axi|                    gmem1|       pointer|
|m_axi_gmem1_ARQOS        |  out|    4|       m_axi|                    gmem1|       pointer|
|m_axi_gmem1_ARREGION     |  out|    4|       m_axi|                    gmem1|       pointer|
|m_axi_gmem1_ARUSER       |  out|    1|       m_axi|                    gmem1|       pointer|
|m_axi_gmem1_RVALID       |   in|    1|       m_axi|                    gmem1|       pointer|
|m_axi_gmem1_RREADY       |  out|    1|       m_axi|                    gmem1|       pointer|
|m_axi_gmem1_RDATA        |   in|   32|       m_axi|                    gmem1|       pointer|
|m_axi_gmem1_RLAST        |   in|    1|       m_axi|                    gmem1|       pointer|
|m_axi_gmem1_RID          |   in|    1|       m_axi|                    gmem1|       pointer|
|m_axi_gmem1_RUSER        |   in|    1|       m_axi|                    gmem1|       pointer|
|m_axi_gmem1_RRESP        |   in|    2|       m_axi|                    gmem1|       pointer|
|m_axi_gmem1_BVALID       |   in|    1|       m_axi|                    gmem1|       pointer|
|m_axi_gmem1_BREADY       |  out|    1|       m_axi|                    gmem1|       pointer|
|m_axi_gmem1_BRESP        |   in|    2|       m_axi|                    gmem1|       pointer|
|m_axi_gmem1_BID          |   in|    1|       m_axi|                    gmem1|       pointer|
|m_axi_gmem1_BUSER        |   in|    1|       m_axi|                    gmem1|       pointer|
|m_axi_gmem2_AWVALID      |  out|    1|       m_axi|                    gmem2|       pointer|
|m_axi_gmem2_AWREADY      |   in|    1|       m_axi|                    gmem2|       pointer|
|m_axi_gmem2_AWADDR       |  out|   64|       m_axi|                    gmem2|       pointer|
|m_axi_gmem2_AWID         |  out|    1|       m_axi|                    gmem2|       pointer|
|m_axi_gmem2_AWLEN        |  out|    8|       m_axi|                    gmem2|       pointer|
|m_axi_gmem2_AWSIZE       |  out|    3|       m_axi|                    gmem2|       pointer|
|m_axi_gmem2_AWBURST      |  out|    2|       m_axi|                    gmem2|       pointer|
|m_axi_gmem2_AWLOCK       |  out|    2|       m_axi|                    gmem2|       pointer|
|m_axi_gmem2_AWCACHE      |  out|    4|       m_axi|                    gmem2|       pointer|
|m_axi_gmem2_AWPROT       |  out|    3|       m_axi|                    gmem2|       pointer|
|m_axi_gmem2_AWQOS        |  out|    4|       m_axi|                    gmem2|       pointer|
|m_axi_gmem2_AWREGION     |  out|    4|       m_axi|                    gmem2|       pointer|
|m_axi_gmem2_AWUSER       |  out|    1|       m_axi|                    gmem2|       pointer|
|m_axi_gmem2_WVALID       |  out|    1|       m_axi|                    gmem2|       pointer|
|m_axi_gmem2_WREADY       |   in|    1|       m_axi|                    gmem2|       pointer|
|m_axi_gmem2_WDATA        |  out|  512|       m_axi|                    gmem2|       pointer|
|m_axi_gmem2_WSTRB        |  out|   64|       m_axi|                    gmem2|       pointer|
|m_axi_gmem2_WLAST        |  out|    1|       m_axi|                    gmem2|       pointer|
|m_axi_gmem2_WID          |  out|    1|       m_axi|                    gmem2|       pointer|
|m_axi_gmem2_WUSER        |  out|    1|       m_axi|                    gmem2|       pointer|
|m_axi_gmem2_ARVALID      |  out|    1|       m_axi|                    gmem2|       pointer|
|m_axi_gmem2_ARREADY      |   in|    1|       m_axi|                    gmem2|       pointer|
|m_axi_gmem2_ARADDR       |  out|   64|       m_axi|                    gmem2|       pointer|
|m_axi_gmem2_ARID         |  out|    1|       m_axi|                    gmem2|       pointer|
|m_axi_gmem2_ARLEN        |  out|    8|       m_axi|                    gmem2|       pointer|
|m_axi_gmem2_ARSIZE       |  out|    3|       m_axi|                    gmem2|       pointer|
|m_axi_gmem2_ARBURST      |  out|    2|       m_axi|                    gmem2|       pointer|
|m_axi_gmem2_ARLOCK       |  out|    2|       m_axi|                    gmem2|       pointer|
|m_axi_gmem2_ARCACHE      |  out|    4|       m_axi|                    gmem2|       pointer|
|m_axi_gmem2_ARPROT       |  out|    3|       m_axi|                    gmem2|       pointer|
|m_axi_gmem2_ARQOS        |  out|    4|       m_axi|                    gmem2|       pointer|
|m_axi_gmem2_ARREGION     |  out|    4|       m_axi|                    gmem2|       pointer|
|m_axi_gmem2_ARUSER       |  out|    1|       m_axi|                    gmem2|       pointer|
|m_axi_gmem2_RVALID       |   in|    1|       m_axi|                    gmem2|       pointer|
|m_axi_gmem2_RREADY       |  out|    1|       m_axi|                    gmem2|       pointer|
|m_axi_gmem2_RDATA        |   in|  512|       m_axi|                    gmem2|       pointer|
|m_axi_gmem2_RLAST        |   in|    1|       m_axi|                    gmem2|       pointer|
|m_axi_gmem2_RID          |   in|    1|       m_axi|                    gmem2|       pointer|
|m_axi_gmem2_RUSER        |   in|    1|       m_axi|                    gmem2|       pointer|
|m_axi_gmem2_RRESP        |   in|    2|       m_axi|                    gmem2|       pointer|
|m_axi_gmem2_BVALID       |   in|    1|       m_axi|                    gmem2|       pointer|
|m_axi_gmem2_BREADY       |  out|    1|       m_axi|                    gmem2|       pointer|
|m_axi_gmem2_BRESP        |   in|    2|       m_axi|                    gmem2|       pointer|
|m_axi_gmem2_BID          |   in|    1|       m_axi|                    gmem2|       pointer|
|m_axi_gmem2_BUSER        |   in|    1|       m_axi|                    gmem2|       pointer|
+-------------------------+-----+-----+------------+-------------------------+--------------+

