Copyright 1986-2022 Xilinx, Inc. All Rights Reserved.
-------------------------------------------------------------------------------------------------------
| Tool Version     : Vivado v.2022.2 (win64) Build 3671981 Fri Oct 14 05:00:03 MDT 2022
| Date             : Sun Aug 30 14:44:15 2026
| Host             : DESKTOP-A1OL016 running 64-bit major release  (build 9200)
| Command          : report_power -file C:/Xilinx/projects/kv260_hybrid_vitis/power_hybrid.rpt
| Design           : top_wrapper
| Device           : xck26-sfvc784-2LV-c
| Design State     : routed
| Grade            : commercial
| Process          : typical
| Characterization : Production
-------------------------------------------------------------------------------------------------------

Power Report

Table of Contents
-----------------
1. Summary
1.1 On-Chip Components
1.2 Power Supply Summary
1.3 Confidence Level
2. Settings
2.1 Environment
2.2 Clock Constraints
3. Detailed Reports
3.1 By Hierarchy

1. Summary
----------

+--------------------------+--------------+
| Total On-Chip Power (W)  | 6.896        |
| Design Power Budget (W)  | Unspecified* |
| Power Budget Margin (W)  | NA           |
| Dynamic (W)              | 6.561        |
| Device Static (W)        | 0.335        |
| Effective TJA (C/W)      | 2.3          |
| Max Ambient (C)          | 69.0         |
| Junction Temperature (C) | 41.0         |
| Confidence Level         | Medium       |
| Setting File             | ---          |
| Simulation Activity File | ---          |
| Design Nets Matched      | NA           |
+--------------------------+--------------+
* Specify Design Power Budget using, set_operating_conditions -design_power_budget <value in Watts>


1.1 On-Chip Components
----------------------

+--------------------------+-----------+----------+-----------+-----------------+
| On-Chip                  | Power (W) | Used     | Available | Utilization (%) |
+--------------------------+-----------+----------+-----------+-----------------+
| Clocks                   |     0.867 |        8 |       --- |             --- |
| CLB Logic                |     0.644 |   204491 |       --- |             --- |
|   LUT as Logic           |     0.368 |    53671 |    117120 |           45.83 |
|   LUT as Shift Register  |     0.173 |     5424 |     57600 |            9.42 |
|   Register               |     0.076 |   110807 |    234240 |           47.30 |
|   CARRY8                 |     0.015 |     1726 |     14640 |           11.79 |
|   LUT as Distributed RAM |     0.012 |     2808 |     57600 |            4.88 |
|   Others                 |     0.000 |     5162 |       --- |             --- |
|   F7/F8 Muxes            |     0.000 |     2975 |    117120 |            2.54 |
| Signals                  |     1.214 |   179855 |       --- |             --- |
| Block RAM                |     0.251 |     98.5 |       144 |           68.40 |
| URAM                     |     0.329 |       46 |        64 |           71.88 |
| MMCM                     |     0.099 |        0 |       --- |             --- |
| DSPs                     |     0.701 |      716 |      1248 |           57.37 |
| PS8                      |     2.456 |        1 |       --- |             --- |
| Static Power             |     0.335 |          |           |                 |
|   PS Static              |     0.000 |          |           |                 |
|   PL Static              |     0.335 |          |           |                 |
| Total                    |     6.896 |          |           |                 |
+--------------------------+-----------+----------+-----------+-----------------+


1.2 Power Supply Summary
------------------------

+-----------------+-------------+-----------+-------------+------------+-------------+-------------+------------+
| Source          | Voltage (V) | Total (A) | Dynamic (A) | Static (A) | Powerup (A) | Budget (A)  | Margin (A) |
+-----------------+-------------+-----------+-------------+------------+-------------+-------------+------------+
| Vccint          |       0.720 |     5.663 |       5.527 |      0.135 |       NA    | Unspecified | NA         |
| Vccint_io       |       0.850 |     0.038 |       0.000 |      0.038 |       NA    | Unspecified | NA         |
| Vccbram         |       0.850 |     0.035 |       0.032 |      0.003 |       NA    | Unspecified | NA         |
| Vccaux          |       1.800 |     0.128 |       0.055 |      0.073 |       NA    | Unspecified | NA         |
| Vccaux_io       |       1.800 |     0.031 |       0.000 |      0.031 |       NA    | Unspecified | NA         |
| Vcco33          |       3.300 |     0.000 |       0.000 |      0.000 |       NA    | Unspecified | NA         |
| Vcco25          |       2.500 |     0.000 |       0.000 |      0.000 |       NA    | Unspecified | NA         |
| Vcco18          |       1.800 |     0.000 |       0.000 |      0.000 |       NA    | Unspecified | NA         |
| Vcco15          |       1.500 |     0.000 |       0.000 |      0.000 |       NA    | Unspecified | NA         |
| Vcco135         |       1.350 |     0.000 |       0.000 |      0.000 |       NA    | Unspecified | NA         |
| Vcco12          |       1.200 |     0.000 |       0.000 |      0.000 |       NA    | Unspecified | NA         |
| Vcco10          |       1.000 |     0.000 |       0.000 |      0.000 |       NA    | Unspecified | NA         |
| Vccadc          |       1.800 |     0.008 |       0.000 |      0.008 |       NA    | Unspecified | NA         |
| VCC_PSINTFP     |       0.850 |     1.002 |       1.002 |      0.000 |       NA    | Unspecified | NA         |
| VCC_PSINTLP     |       0.850 |     0.228 |       0.228 |      0.000 |       NA    | Unspecified | NA         |
| VPS_MGTRAVCC    |       0.850 |     0.000 |       0.000 |      0.000 |       NA    | Unspecified | NA         |
| VCC_PSINTFP_DDR |       0.850 |     0.726 |       0.726 |      0.000 |       NA    | Unspecified | NA         |
| VCC_PSPLL       |       1.200 |     0.069 |       0.069 |      0.000 |       NA    | Unspecified | NA         |
| VPS_MGTRAVTT    |       1.800 |     0.000 |       0.000 |      0.000 |       NA    | Unspecified | NA         |
| VCCO_PSDDR_504  |       1.200 |     0.592 |       0.592 |      0.000 |       NA    | Unspecified | NA         |
| VCC_PSAUX       |       1.800 |     0.000 |       0.000 |      0.000 |       NA    | Unspecified | NA         |
| VCC_PSBATT      |       1.200 |     0.000 |       0.000 |      0.000 |       NA    | Unspecified | NA         |
| VCC_PSDDR_PLL   |       1.800 |     0.000 |       0.000 |      0.000 |       NA    | Unspecified | NA         |
| VCCO_PSIO0_500  |       1.800 |     0.000 |       0.000 |      0.000 |       NA    | Unspecified | NA         |
| VCCO_PSIO1_501  |       1.800 |     0.000 |       0.000 |      0.000 |       NA    | Unspecified | NA         |
| VCCO_PSIO2_502  |       1.800 |     0.000 |       0.000 |      0.000 |       NA    | Unspecified | NA         |
| VCCO_PSIO3_503  |       1.800 |     0.000 |       0.000 |      0.000 |       NA    | Unspecified | NA         |
| VCC_PSADC       |       1.800 |     0.000 |       0.000 |      0.000 |       NA    | Unspecified | NA         |
| MGTAVcc         |       0.900 |     0.000 |       0.000 |      0.000 |       NA    | Unspecified | NA         |
| MGTAVtt         |       1.200 |     0.000 |       0.000 |      0.000 |       NA    | Unspecified | NA         |
| MGTVccaux       |       1.800 |     0.000 |       0.000 |      0.000 |       NA    | Unspecified | NA         |
+-----------------+-------------+-----------+-------------+------------+-------------+-------------+------------+


1.3 Confidence Level
--------------------

+-----------------------------+------------+------------------------------------------------+------------------------------------------------------------------------------------------------------------+
| User Input Data             | Confidence | Details                                        | Action                                                                                                     |
+-----------------------------+------------+------------------------------------------------+------------------------------------------------------------------------------------------------------------+
| Design implementation state | High       | Design is routed                               |                                                                                                            |
| Clock nodes activity        | High       | User specified more than 95% of clocks         |                                                                                                            |
| I/O nodes activity          | High       | User specified more than 95% of inputs         |                                                                                                            |
| Internal nodes activity     | Medium     | User specified less than 25% of internal nodes | Provide missing internal nodes activity with simulation results or by editing the "By Resource Type" views |
| Device models               | High       | Device models are Production                   |                                                                                                            |
|                             |            |                                                |                                                                                                            |
| Overall confidence level    | Medium     |                                                |                                                                                                            |
+-----------------------------+------------+------------------------------------------------+------------------------------------------------------------------------------------------------------------+


2. Settings
-----------

2.1 Environment
---------------

+-----------------------+--------------------------+
| Ambient Temp (C)      | 25.0                     |
| ThetaJA (C/W)         | 2.3                      |
| Airflow (LFM)         | 250                      |
| Heat Sink             | medium (Medium Profile)  |
| ThetaSA (C/W)         | 5.5                      |
| Board Selection       | medium (10"x10")         |
| # of Board Layers     | 12to15 (12 to 15 Layers) |
| Board Temperature (C) | 25.0                     |
+-----------------------+--------------------------+


2.2 Clock Constraints
---------------------

+--------------------------+-----------------------------------------------+-----------------+
| Clock                    | Domain                                        | Constraint (ns) |
+--------------------------+-----------------------------------------------+-----------------+
| clk_out1_top_clk_wiz_0_0 | top_i/clk_wiz_0/inst/clk_out1_top_clk_wiz_0_0 |            10.0 |
| clk_out2_top_clk_wiz_0_0 | top_i/clk_wiz_0/inst/clk_out2_top_clk_wiz_0_0 |             3.3 |
| clk_out3_top_clk_wiz_0_0 | top_i/clk_wiz_0/inst/clk_out3_top_clk_wiz_0_0 |             1.7 |
| clk_pl_0                 | top_i/ps_e/inst/pl_clk0                       |            10.0 |
| clk_pl_0                 | top_i/ps_e/inst/pl_clk_unbuffered[0]          |            10.0 |
+--------------------------+-----------------------------------------------+-----------------+


3. Detailed Reports
-------------------

3.1 By Hierarchy
----------------

+--------------------------------+-----------+
| Name                           | Power (W) |
+--------------------------------+-----------+
| top_wrapper                    |     6.561 |
|   top_i                        |     6.561 |
|     DPUCZDX8G_1                |     3.649 |
|       inst                     |     3.649 |
|     axi_ic_ps_e_S_AXI_HP3_FPD  |     0.077 |
|       m00_couplers             |     0.028 |
|       s00_couplers             |     0.021 |
|       s01_couplers             |     0.022 |
|       xbar                     |     0.004 |
|     axi_ic_ps_e_S_AXI_HPC0_FPD |     0.005 |
|       s00_couplers             |     0.005 |
|     axi_intc_0                 |     0.002 |
|       U0                       |     0.002 |
|     clk_wiz_0                  |     0.100 |
|       inst                     |     0.100 |
|     interconnect_axilite       |     0.011 |
|       m01_couplers             |     0.004 |
|       m02_couplers             |     0.003 |
|       s00_couplers             |     0.004 |
|     lcam_attention_gate_opt_1  |     0.256 |
|       inst                     |     0.256 |
|     ps_e                       |     2.463 |
|       inst                     |     2.463 |
+--------------------------------+-----------+


